// Jest Snapshot v1, https://goo.gl/fbAQLP

exports[`Button: default 1`] = `
<div
  className="sc-AxjAm StDqN"
>
  <div
    className="Button "
    data-testid="Button"
  >
    <button
      className="MuiButtonBase-root MuiButton-root MuiButton-text"
      disabled={false}
      onBlur={[Function]}
      onDragLeave={[Function]}
      onFocus={[Function]}
      onKeyDown={[Function]}
      onKeyUp={[Function]}
      onMouseDown={[Function]}
      onMouseLeave={[Function]}
      onMouseUp={[Function]}
      onTouchEnd={[Function]}
      onTouchMove={[Function]}
      onTouchStart={[Function]}
      tabIndex={0}
      type="button"
    >
      <span
        className="MuiButton-label"
      >
        Button
      </span>
    </button>
  </div>
</div>
`;
