// Jest Snapshot v1, https://goo.gl/fbAQLP

exports[`Hidden: default 1`] = `
<div
  className="sc-AxjAm StDqN"
>
  <div
    className="Hidden "
    data-testid="Hidden"
  />
</div>
`;
