// Jest Snapshot v1, https://goo.gl/fbAQLP

exports[`Dialog: default 1`] = `
<div
  className="sc-AxjAm StDqN"
>
  <div
    className="Dialog "
    data-testid="Dialog"
  />
</div>
`;
