// Jest Snapshot v1, https://goo.gl/fbAQLP

exports[`Drawer: default 1`] = `
<div
  className="sc-AxjAm StDqN"
>
  <div
    className="Drawer "
    data-testid="Drawer"
  />
</div>
`;
