// Jest Snapshot v1, https://goo.gl/fbAQLP

exports[`Menu: default 1`] = `
<div
  className="sc-AxjAm StDqN"
>
  <div
    className="Menu "
    data-testid="Menu"
  />
</div>
`;
