// Jest Snapshot v1, https://goo.gl/fbAQLP

exports[`TableRow: default 1`] = `
<div
  className="sc-AxjAm StDqN"
>
  <div
    className="Tablerow "
    data-testid="Tablerow"
  >
    <tr
      className="MuiTableRow-root"
      role={null}
    >
      TableRow
    </tr>
  </div>
</div>
`;
