// Jest Snapshot v1, https://goo.gl/fbAQLP

exports[`LinearProgress: default 1`] = `
<div
  className="sc-AxjAm StDqN"
>
  <div
    className="Linearprogress "
    data-testid="Linearprogress"
  >
    <div
      className="MuiLinearProgress-root MuiLinearProgress-colorPrimary MuiLinearProgress-indeterminate"
      role="progressbar"
    >
      <div
        className="MuiLinearProgress-bar MuiLinearProgress-barColorPrimary MuiLinearProgress-bar1Indeterminate"
        style={Object {}}
      />
      <div
        className="MuiLinearProgress-bar MuiLinearProgress-bar2Indeterminate MuiLinearProgress-barColorPrimary"
        style={Object {}}
      />
    </div>
  </div>
</div>
`;
