// Jest Snapshot v1, https://goo.gl/fbAQLP

exports[`SwipeableDrawer: default 1`] = `
<div
  className="sc-AxjAm StDqN"
>
  <div
    className="Swipeabledrawer "
    data-testid="Swipeabledrawer"
  />
</div>
`;
