// Jest Snapshot v1, https://goo.gl/fbAQLP

exports[`useScrollTrigger: default 1`] = `
<useScrollTrigger>
  useScrollTrigger
</useScrollTrigger>
`;
