// Jest Snapshot v1, https://goo.gl/fbAQLP

exports[`withWidth: default 1`] = `
<withWidth>
  withWidth
</withWidth>
`;
